
> frontend@0.0.0 dev
> vite --port 5174


  VITE v8.2.2  ready in 251 ms

  ➜  Local:   http://localhost:5174/
  ➜  Network: use --host to expose
1:27:11 PM [vite] (client) hmr update /src/index.css, /src/components/common/MapContainer.tsx
1:29:03 PM [vite] (client) hmr update /src/index.css, /src/components/common/MapContainer.tsx
1:30:49 PM [vite] (client) hmr update /src/index.css, /src/components/common/MapContainer.tsx
1:32:12 PM [vite] (client) hmr update /src/index.css, /src/components/common/MapContainer.tsx
1:33:46 PM [vite] (client) hmr update /src/index.css, /src/pages/admin/EmergencyCorridor.tsx
1:34:04 PM [vite] (client) hmr update /src/index.css, /src/pages/admin/LiveTraffic.tsx
1:34:31 PM [vite] (client) hmr update /src/index.css, /src/pages/admin/Overview.tsx
1:40:10 PM [vite] (client) hmr update /src/index.css, /src/components/common/MapContainer.tsx
2:08:30 PM [vite] (client) hmr update /src/index.css, /src/components/common/MapContainer.tsx
11:11:45 AM [vite] (client) hmr update /src/index.css, /src/components/common/MapContainer.tsx
11:11:45 AM [vite] (client) hmr update /src/index.css, /src/pages/admin/LiveTraffic.tsx
1:39:33 PM [vite] (client) hmr update /src/index.css, /src/components/common/MapContainer.tsx
1:41:29 PM [vite] (client) hmr update /src/index.css, /src/components/common/MapContainer.tsx
1:41:58 PM [vite] (client) hmr update /src/index.css, /src/context/RealtimeContext.tsx
8:28:02 PM [vite] (client) hmr update /src/index.css, /src/pages/admin/LiveTraffic.tsx, /src/components/common/MapContainer.tsx
8:28:12 PM [vite] (client) hmr update /src/index.css, /src/pages/admin/LiveTraffic.tsx, /src/components/common/MapContainer.tsx
8:29:01 PM [vite] (client) hmr update /src/index.css, /src/components/common/MapContainer.tsx
8:29:12 PM [vite] (client) hmr update /src/index.css, /src/components/common/MapContainer.tsx
8:29:31 PM [vite] (client) hmr update /src/index.css, /src/components/common/MapContainer.tsx
